ERROR : IAM assume role error:
C:\Users\sraav\Desktop\INGRESS\Without ssl>kubectl get events -n dev
LAST SEEN   TYPE      REASON             OBJECT                MESSAGE
16s         Warning   FailedBuildModel   ingress/dev-ingress   Failed build model due to operation error Elastic Load Balancing v2: DescribeLoadBalancers, get identity: get credentials: failed to refresh cached credentials, failed to retrieve credentials, operation error STS: AssumeRoleWithWebIdentity, exceeded maximum number of attempts, 10, https response error StatusCode: 400, RequestID: 1c82c02f-2cc6-4d29-baff-c2826507203f, InvalidIdentityToken: No OpenIDConnect provider found in your account for https://oidc.eks.eu-north-1.amazonaws.com/id/D8E300AA6EFB1872522CBD4879B0A2DF
C:\Users\sraav\Desktop\INGRESS\Without ssl>kubectl get ing -n dev
NAME          CLASS   HOSTS                         ADDRESS   PORTS   AGE
dev-ingress   alb     nginx-app-dev.devopsanu.com             80      5m27s

SOLUTION:" Check oidcd in eks, and also the trust relationship of the role ; check everything, add permission as given i n the policy file; and apply the command kubectl rollout restart deployment aws-load-balancer-controller -n kube-system

ERROR:
ibeListenerAttributes because no identity-based policy allows the elasticloadbalancing:DescribeListenerAttributes action
56m         Warning   FailedDeployModel        ingress/dev-ingress                              Failed deploy model due to operation error Elastic Load Balancing v2: DescribeListenerAttributes, https response error StatusCode: 403, RequestID: faf6cc9b-506c-433c-bdd1-7a91fcdb40e6, api error AccessDenied: User: arn:aws:sts::059007901156:assumed-role/dev-ingress/1759601869667682507 is not authorized to perform: elasticloadbalancing:DescribeListenerAttributes because no identity-based policy allows the elasticloadbalancing:DescribeListenerAttributes action
56m         Warning   FailedDeployModel        ingress/dev-ingress                              Failed deploy model due to operation error Elastic Load Balancing v2: DescribeListenerAttributes, https response error StatusCode: 403, RequestID: be789cbc-e327-483e-910c-99c3a5545099, api error AccessDenied: User: arn:aws:sts::059007901156:assumed-role/dev-ingress/1759601869667682507 is not authorized to perform: elasticloadbalancing:DescribeListenerAttributes because no identity-based policy allows the elasticloadbalancing:DescribeListenerAttributes action

SOLUTION : THERE IS SERVICE ACCOUNT IN DEFAULT FILE, YOU NEED TO DEFINE YOUR ALB ARN IN THAT SA - CREATED WHEN dev namne space is created
C:\Users\sraav\Desktop\INGRESS\Without ssl>kubectl get serviceaccount -n dev -o yaml
apiVersion: v1
items:
- apiVersion: v1
  kind: ServiceAccount
  metadata:
    creationTimestamp: "2025-10-04T15:24:46Z"
    name: default
    namespace: dev
    resourceVersion: "61581"
    uid: 6d2e3151-70ee-4fe1-8760-04475892425d
kind: List
metadata:
  resourceVersion: ""

C:\Users\sraav\Desktop\INGRESS\Without ssl>kubectl annotate serviceaccount default -n dev eks.amazonaws.com/role-arn=arn:aws:iam::059007901156:role/dev-ingress

annd then apply
C:\Users\sraav\Desktop\INGRESS\Without ssl>kubectl rollout restart deployment aws-load-balancer-controller -n kube-system